<html>
<body>
<pre>
<h1>礦ision Build Log</h1>
<h2>Project:</h2>
E:\BaiduYunDownload\MyExperience\毕业设计\软件设计\程序源码\v1.0\proj\DesktopWeather.uvproj
Project File Date:  10/19/2017

<h2>Output:</h2>
Build target 'Target 1'
compiling main.c...
compiling core_cm3.c...
compiling stm32f10x_it.c...
compiling system_stm32f10x.c...
assembling startup_stm32f10x_hd.s...
compiling misc.c...
compiling stm32f10x_adc.c...
compiling stm32f10x_bkp.c...
compiling stm32f10x_can.c...
compiling stm32f10x_cec.c...
compiling stm32f10x_crc.c...
compiling stm32f10x_dac.c...
compiling stm32f10x_dbgmcu.c...
compiling stm32f10x_dma.c...
compiling stm32f10x_exti.c...
compiling stm32f10x_flash.c...
compiling stm32f10x_fsmc.c...
compiling stm32f10x_gpio.c...
compiling stm32f10x_i2c.c...
compiling stm32f10x_iwdg.c...
compiling stm32f10x_pwr.c...
compiling stm32f10x_rcc.c...
compiling stm32f10x_rtc.c...
compiling stm32f10x_sdio.c...
compiling stm32f10x_spi.c...
compiling stm32f10x_tim.c...
compiling stm32f10x_usart.c...
compiling stm32f10x_wwdg.c...
compiling system.c...
compiling usart1.c...
compiling SysTick.c...
linking...
Program Size: Code=7034 RO-data=350 RW-data=52 ZI-data=1884  
FromELF: creating hex file...
"..\obj\DesktopWeather.axf" - 0 Error(s), 0 Warning(s).
e ends without a newline
  }
..\src\dev\usart1.c: 1 warning, 0 errors
linking...
Program Size: Code=4148 RO-data=336 RW-data=40 ZI-data=1632  
".\DesktopWeather.axf" - 0 Error(s), 2 Warning(s).
..\src\bsp\src\stm32f10x_bkp.c(23): error:  #5: cannot open source input file "stm32f10x_bkp.h": No such file or directory
  #include "stm32f10x_bkp.h"
..\src\bsp\src\stm32f10x_bkp.c: 0 warnings, 1 error
compiling stm32f10x_can.c...
..\src\bsp\src\stm32f10x_can.c(23): error:  #5: cannot open source input file "stm32f10x_can.h": No such file or directory
  #include "stm32f10x_can.h"
..\src\bsp\src\stm32f10x_can.c: 0 warnings, 1 error
compiling stm32f10x_cec.c...
..\src\bsp\src\stm32f10x_cec.c(23): error:  #5: cannot open source input file "stm32f10x_cec.h": No such file or directory
  #include "stm32f10x_cec.h"
..\src\bsp\src\stm32f10x_cec.c: 0 warnings, 1 error
compiling stm32f10x_crc.c...
..\src\bsp\src\stm32f10x_crc.c(23): error:  #5: cannot open source input file "stm32f10x_crc.h": No such file or directory
  #include "stm32f10x_crc.h"
..\src\bsp\src\stm32f10x_crc.c: 0 warnings, 1 error
compiling stm32f10x_dac.c...
..\src\bsp\src\stm32f10x_dac.c(23): error:  #5: cannot open source input file "stm32f10x_dac.h": No such file or directory
  #include "stm32f10x_dac.h"
..\src\bsp\src\stm32f10x_dac.c: 0 warnings, 1 error
compiling stm32f10x_dbgmcu.c...
..\src\bsp\src\stm32f10x_dbgmcu.c(23): error:  #5: cannot open source input file "stm32f10x_dbgmcu.h": No such file or directory
  #include "stm32f10x_dbgmcu.h"
..\src\bsp\src\stm32f10x_dbgmcu.c: 0 warnings, 1 error
compiling stm32f10x_dma.c...
..\src\bsp\src\stm32f10x_dma.c(23): error:  #5: cannot open source input file "stm32f10x_dma.h": No such file or directory
  #include "stm32f10x_dma.h"
..\src\bsp\src\stm32f10x_dma.c: 0 warnings, 1 error
compiling stm32f10x_exti.c...
..\src\bsp\src\stm32f10x_exti.c(23): error:  #5: cannot open source input file "stm32f10x_exti.h": No such file or directory
  #include "stm32f10x_exti.h"
..\src\bsp\src\stm32f10x_exti.c: 0 warnings, 1 error
compiling stm32f10x_flash.c...
..\src\bsp\src\stm32f10x_flash.c(23): error:  #5: cannot open source input file "stm32f10x_flash.h": No such file or directory
  #include "stm32f10x_flash.h"
..\src\bsp\src\stm32f10x_flash.c: 0 warnings, 1 error
compiling stm32f10x_fsmc.c...
..\src\bsp\src\stm32f10x_fsmc.c(23): error:  #5: cannot open source input file "stm32f10x_fsmc.h": No such file or directory
  #include "stm32f10x_fsmc.h"
..\src\bsp\src\stm32f10x_fsmc.c: 0 warnings, 1 error
compiling stm32f10x_gpio.c...
..\src\bsp\src\stm32f10x_gpio.c(23): error:  #5: cannot open source input file "stm32f10x_gpio.h": No such file or directory
  #include "stm32f10x_gpio.h"
..\src\bsp\src\stm32f10x_gpio.c: 0 warnings, 1 error
compiling stm32f10x_i2c.c...
..\src\bsp\src\stm32f10x_i2c.c(23): error:  #5: cannot open source input file "stm32f10x_i2c.h": No such file or directory
  #include "stm32f10x_i2c.h"
..\src\bsp\src\stm32f10x_i2c.c: 0 warnings, 1 error
compiling stm32f10x_iwdg.c...
..\src\bsp\src\stm32f10x_iwdg.c(23): error:  #5: cannot open source input file "stm32f10x_iwdg.h": No such file or directory
  #include "stm32f10x_iwdg.h"
..\src\bsp\src\stm32f10x_iwdg.c: 0 warnings, 1 error
compiling stm32f10x_pwr.c...
..\src\bsp\src\stm32f10x_pwr.c(23): error:  #5: cannot open source input file "stm32f10x_pwr.h": No such file or directory
  #include "stm32f10x_pwr.h"
..\src\bsp\src\stm32f10x_pwr.c: 0 warnings, 1 error
compiling stm32f10x_rcc.c...
..\src\bsp\src\stm32f10x_rcc.c(23): error:  #5: cannot open source input file "stm32f10x_rcc.h": No such file or directory
  #include "stm32f10x_rcc.h"
..\src\bsp\src\stm32f10x_rcc.c: 0 warnings, 1 error
compiling stm32f10x_rtc.c...
..\src\bsp\src\stm32f10x_rtc.c(23): error:  #5: cannot open source input file "stm32f10x_rtc.h": No such file or directory
  #include "stm32f10x_rtc.h"
..\src\bsp\src\stm32f10x_rtc.c: 0 warnings, 1 error
compiling stm32f10x_sdio.c...
..\src\bsp\src\stm32f10x_sdio.c(23): error:  #5: cannot open source input file "stm32f10x_sdio.h": No such file or directory
  #include "stm32f10x_sdio.h"
..\src\bsp\src\stm32f10x_sdio.c: 0 warnings, 1 error
compiling stm32f10x_spi.c...
..\src\bsp\src\stm32f10x_spi.c(23): error:  #5: cannot open source input file "stm32f10x_spi.h": No such file or directory
  #include "stm32f10x_spi.h"
..\src\bsp\src\stm32f10x_spi.c: 0 warnings, 1 error
compiling stm32f10x_tim.c...
..\src\bsp\src\stm32f10x_tim.c(23): error:  #5: cannot open source input file "stm32f10x_tim.h": No such file or directory
  #include "stm32f10x_tim.h"
..\src\bsp\src\stm32f10x_tim.c: 0 warnings, 1 error
compiling stm32f10x_usart.c...
..\src\bsp\src\stm32f10x_usart.c(23): error:  #5: cannot open source input file "stm32f10x_usart.h": No such file or directory
  #include "stm32f10x_usart.h"
..\src\bsp\src\stm32f10x_usart.c: 0 warnings, 1 error
compiling stm32f10x_wwdg.c...
..\src\bsp\src\stm32f10x_wwdg.c(23): error:  #5: cannot open source input file "stm32f10x_wwdg.h": No such file or directory
  #include "stm32f10x_wwdg.h"
..\src\bsp\src\stm32f10x_wwdg.c: 0 warnings, 1 error
".\DesktopWeather.axf" - 26 Error(s), 0 Warning(s).
Target not created
